Found 2 matches:
- [52.94%] slice - How slicing in Python works - Stack Overflow (https://stackoverflow.com/questions/509211/how-slicing-in-python-works)
- [41.18%] What does the "at" (@) symbol do in Python? - Stack Overflow (https://stackoverflow.com/questions/6392739/what-does-the-at-symbol-do-in-python)
